// Jest Snapshot v1, https://goo.gl/fbAQLP

exports[`test saving to local load graph 1`] = `
{
  "_grp": 1,
  "_id": [
    "studio",
    "graph",
    "SubGraph",
  ],
  "_kwargs": {
    "connections": [
      {
        "fromNodeId": "@vAJbPalSsu5XkepR",
        "fromPortName": "prompt",
        "toNodeId": "D2CixRBhh4Iu_J4Xz",
        "toPortName": "prompt",
      },
    ],
    "description": "",
    "id": "6ot@YhxtGapyiMhkQ",
    "nodes": [
      {
        "data": {
          "_grp": 1,
          "_id": [
            "events",
            "input",
            "load",
            "prompts",
            "text",
            "StringPrompt",
          ],
          "_kwargs": {
            "value": {
              "value": "Who are you?",
            },
          },
          "_type": "constructor",
        },
        "id": "@vAJbPalSsu5XkepR",
        "inputs": {},
        "memory": 0,
        "outputSizes": {
          "prompt": 0,
        },
        "outputs": {
          "prompt": [
            "string",
            "chat-message[]",
          ],
        },
        "registerArgs": undefined,
        "runtime": 0,
        "subType": "string",
        "type": "prompt",
        "visualInfo": {
          "position": {
            "x": 0,
            "y": 0,
          },
          "size": {
            "height": 500,
            "width": 300,
          },
        },
      },
      {
        "data": {
          "_grp": 1,
          "_id": [
            "events",
            "inference",
            "chat",
            "chatlms",
            "openai",
            "OpenAIChat",
          ],
          "_kwargs": {
            "additional_kwargs": {},
            "callbacks": undefined,
            "frequency_penalty": 0,
            "logit_bias": undefined,
            "max_tokens": 2048,
            "model": "gpt-3.5-turbo",
            "openai_api_key": {
              "_grp": 1,
              "_id": [
                "OPENAI_API_KEY",
              ],
              "_type": "secret",
            },
            "presence_penalty": 0,
            "response_format_type": undefined,
            "seed": undefined,
            "stop_words": undefined,
            "stream": false,
            "temperature": 1,
            "timeout": undefined,
            "top_p": 1,
            "user": undefined,
            "verbose": undefined,
          },
          "_type": "constructor",
        },
        "id": "D2CixRBhh4Iu_J4Xz",
        "inputs": {
          "prompt": [
            "string",
            "chat-message[]",
          ],
        },
        "memory": 0,
        "outputSizes": {
          "info": 0,
          "message": 0,
          "output": 0,
          "tokenUsage": 0,
        },
        "outputs": {
          "info": [
            "object",
            "unknown",
          ],
          "message": "chat-message",
          "output": "string",
          "tokenUsage": [
            "object",
            "unknown",
          ],
        },
        "registerArgs": undefined,
        "runtime": 0,
        "subType": "openai",
        "type": "chatlm",
        "visualInfo": {
          "position": {
            "x": 0,
            "y": 0,
          },
          "size": {
            "height": 500,
            "width": 300,
          },
        },
      },
    ],
    "registry": undefined,
    "title": "Untitled Graph",
  },
  "_type": "constructor",
}
`;
